[backblue.gif]
[fade.gif]
[index.html]
[tangfreelancer.com/ae_official/images/demo_img/demo_img_auth_code.jpg]
[tangfreelancer.com/ae_official/js/vendor/jquery-1.11.3.min.js]
[tangfreelancer.com/ae_official/js/vendor/bootstrap.min.js]
[tangfreelancer.com/ae_official/js/vendor/slick.min.js]
[tangfreelancer.com/ae_official/js/vendor/aos.js]
[tangfreelancer.com/ae_official/js/ae-dist.js]
[tangfreelancer.com/ae_official/contact-us.html]
[tangfreelancer.com/ae_official/css/vendor/bootstrap.min.css]
[tangfreelancer.com/ae_official/css/vendor/aos.css]
[tangfreelancer.com/ae_official/css/vendor/lity.min.css]
[tangfreelancer.com/ae_official/images/mobile/section_title_deco_r.png]
[tangfreelancer.com/ae_official/images/pc/section_title_deco_r.png]
[tangfreelancer.com/ae_official/images/mobile/section_title_deco_l.png]
[tangfreelancer.com/ae_official/images/pc/section_title_deco_l.png]
[tangfreelancer.com/ae_official/images/lang_img/cn/nav/slogan.png]
[tangfreelancer.com/ae_official/images/mobile/icon_toggle_menu.png]
[tangfreelancer.com/ae_official/images/common/icon_close.png]
[tangfreelancer.com/ae_official/images/common/icon_arrow_down_xs_w.png]
[tangfreelancer.com/ae_official/images/common/icon_flag_cn.png]
[tangfreelancer.com/ae_official/images/common/icon_flag_usa.png]
[tangfreelancer.com/ae_official/images/common/icon_flag_vt.png]
[tangfreelancer.com/ae_official/images/common/icon_flag_th.png]
[tangfreelancer.com/ae_official/images/common/icon_tlg_orange.png]
[tangfreelancer.com/ae_official/images/common/icon_whatapp_orange.png]
[tangfreelancer.com/ae_official/images/common/icon_email_orange.png]
[tangfreelancer.com/ae_official/images/common/footer_contact_toggle_btn_bg_m.png]
[tangfreelancer.com/ae_official/images/common/icon_tel.png]
[tangfreelancer.com/ae_official/images/common/footer_contact_form_bg_m.png]
[tangfreelancer.com/ae_official/images/common/icon_refresh.png]
[tangfreelancer.com/ae_official/images/common/icon_arrow_up_lg_w.png]
[tangfreelancer.com/ae_official/images/mobile/index/index_sec_01_bg.jpg]
[tangfreelancer.com/ae_official/images/pc/index/index_sec_01_bg.jpg]
[tangfreelancer.com/ae_official/images/mobile/index/index_sec_02_bg.jpg]
[tangfreelancer.com/ae_official/images/pc/index/index_sec_02_bg.jpg]
[tangfreelancer.com/ae_official/images/mobile/index/index_sec_03_bg.jpg]
[tangfreelancer.com/ae_official/images/mobile/index/gameMenu_01.png]
[tangfreelancer.com/ae_official/images/mobile/index/gameMenu_02.png]
[tangfreelancer.com/ae_official/images/mobile/index/gameMenu_03.png]
[tangfreelancer.com/ae_official/images/mobile/index/gameMenu_04.png]
[tangfreelancer.com/ae_official/images/mobile/index/gameMenu_05.png]
[tangfreelancer.com/ae_official/images/mobile/index/gameMenu_06.png]
[tangfreelancer.com/ae_official/images/common/slide_arrow_l.png]
[tangfreelancer.com/ae_official/images/common/slide_arrow_r.png]
[tangfreelancer.com/ae_official/images/common/slide_arrow_l_h.png]
[tangfreelancer.com/ae_official/images/common/slide_arrow_r_h.png]
[tangfreelancer.com/ae_official/images/lang_img/cn/_page_index/gameMenu_01.png]
[tangfreelancer.com/ae_official/images/lang_img/cn/_page_index/gameMenu_02.png]
[tangfreelancer.com/ae_official/images/lang_img/cn/_page_index/gameMenu_03.png]
[tangfreelancer.com/ae_official/images/lang_img/cn/_page_index/gameMenu_04.png]
[tangfreelancer.com/ae_official/images/lang_img/cn/_page_index/gameMenu_05.png]
[tangfreelancer.com/ae_official/images/lang_img/cn/_page_index/gameMenu_06.png]
[tangfreelancer.com/ae_official/images/pc/index/index_sec_03_bg.jpg]
[tangfreelancer.com/ae_official/images/lang_img/en/_page_index/gameMenu_01.png]
[tangfreelancer.com/ae_official/images/lang_img/en/_page_index/gameMenu_02.png]
[tangfreelancer.com/ae_official/images/lang_img/en/_page_index/gameMenu_03.png]
[tangfreelancer.com/ae_official/images/lang_img/en/_page_index/gameMenu_04.png]
[tangfreelancer.com/ae_official/images/lang_img/en/_page_index/gameMenu_05.png]
[tangfreelancer.com/ae_official/images/lang_img/en/_page_index/gameMenu_06.png]
[tangfreelancer.com/ae_official/images/mobile/about/banner.jpg]
[tangfreelancer.com/ae_official/images/pc/about/banner.jpg]
[tangfreelancer.com/ae_official/images/mobile/about/icon_group_intro.png]
[tangfreelancer.com/ae_official/images/mobile/about/icon_group_intro_h.png]
[tangfreelancer.com/ae_official/images/mobile/about/icon_product_intro.png]
[tangfreelancer.com/ae_official/images/mobile/about/icon_product_intro_h.png]
[tangfreelancer.com/ae_official/images/mobile/about/icon_game_intro.png]
[tangfreelancer.com/ae_official/images/mobile/about/icon_game_intro_h.png]
[tangfreelancer.com/ae_official/images/mobile/about/icon_event_intro.png]
[tangfreelancer.com/ae_official/images/mobile/about/icon_event_intro_h.png]
[tangfreelancer.com/ae_official/images/mobile/about/about_sec_01_bg.jpg]
[tangfreelancer.com/ae_official/images/pc/about/about_sec_01_bg.jpg]
[tangfreelancer.com/ae_official/images/mobile/about/product_intro_01.jpg]
[tangfreelancer.com/ae_official/images/mobile/about/product_intro_02.jpg]
[tangfreelancer.com/ae_official/images/mobile/about/about_sec_03_bg.jpg]
[tangfreelancer.com/ae_official/images/pc/about/about_sec_03_bg.jpg]
[tangfreelancer.com/ae_official/images/lang_img/cn/product_logo/ae_casino.png]
[tangfreelancer.com/ae_official/images/mobile/products/banner.jpg]
[tangfreelancer.com/ae_official/images/pc/products/banner.jpg]
[tangfreelancer.com/ae_official/images/mobile/products/nav_1.jpg]
[tangfreelancer.com/ae_official/images/mobile/products/nav_2.jpg]
[tangfreelancer.com/ae_official/images/mobile/products/nav_1_h.jpg]
[tangfreelancer.com/ae_official/images/mobile/products/nav_2_h.jpg]
[tangfreelancer.com/ae_official/images/pc/products/nav_1.jpg]
[tangfreelancer.com/ae_official/images/pc/products/nav_2.jpg]
[tangfreelancer.com/ae_official/images/pc/products/nav_1_h.jpg]
[tangfreelancer.com/ae_official/images/pc/products/nav_2_h.jpg]
[tangfreelancer.com/ae_official/images/mobile/products/bg_m.jpg]
[tangfreelancer.com/ae_official/images/pc/products/bg_pc.jpg]
[tangfreelancer.com/ae_official/images/common/icon_arrow_down_xs_w_orange.png]
[tangfreelancer.com/ae_official/images/pc/products/icon/icon_1.png]
[tangfreelancer.com/ae_official/images/pc/products/icon/icon_1_h.png]
[tangfreelancer.com/ae_official/images/pc/products/icon/icon_2.png]
[tangfreelancer.com/ae_official/images/pc/products/icon/icon_2_h.png]
[tangfreelancer.com/ae_official/images/pc/products/icon/icon_3.png]
[tangfreelancer.com/ae_official/images/pc/products/icon/icon_3_h.png]
[tangfreelancer.com/ae_official/images/pc/products/icon/icon_4.png]
[tangfreelancer.com/ae_official/images/pc/products/icon/icon_4_h.png]
[tangfreelancer.com/ae_official/images/pc/products/icon/icon_5.png]
[tangfreelancer.com/ae_official/images/pc/products/icon/icon_5_h.png]
[tangfreelancer.com/ae_official/images/pc/products/white_lable/logo.png]
[tangfreelancer.com/ae_official/images/pc/products/white_lable/logo_en.png]
[tangfreelancer.com/ae_official/images/pc/products/casino/logo.png]
[tangfreelancer.com/ae_official/images/pc/products/lottery/logo.png]
[tangfreelancer.com/ae_official/images/pc/products/lottery/icon_1.png]
[tangfreelancer.com/ae_official/images/pc/products/lottery/icon_2.png]
[tangfreelancer.com/ae_official/images/pc/products/lottery/icon_3.png]
[tangfreelancer.com/ae_official/images/pc/products/lottery/icon_4.png]
[tangfreelancer.com/ae_official/images/pc/products/lottery/icon_5.png]
[tangfreelancer.com/ae_official/images/pc/products/slots/logo.png]
[tangfreelancer.com/ae_official/images/pc/products/gaming/logo.png]
[tangfreelancer.com/ae_official/images/pc/products/cricket/logo.png]
[tangfreelancer.com/ae_official/images/mobile/brand/banner.jpg]
[tangfreelancer.com/ae_official/images/pc/brand/banner.jpg]
[tangfreelancer.com/ae_official/images/mobile/brand/icon_timeline.png]
[tangfreelancer.com/ae_official/images/mobile/brand/icon_timeline_h.png]
[tangfreelancer.com/ae_official/images/mobile/brand/icon_event.png]
[tangfreelancer.com/ae_official/images/mobile/brand/icon_event_h.png]
[tangfreelancer.com/ae_official/images/mobile/brand/icon_social_media.png]
[tangfreelancer.com/ae_official/images/mobile/brand/icon_social_media_h.png]
[tangfreelancer.com/ae_official/images/mobile/brand/brand_timeline_bg.jpg]
[tangfreelancer.com/ae_official/images/pc/brand/brand_timeline_bg.jpg]
[tangfreelancer.com/ae_official/images/mobile/brand/year_bg.png]
[tangfreelancer.com/ae_official/images/mobile/brand/brand_social_media_bg.jpg]
[tangfreelancer.com/ae_official/images/pc/brand/brand_social_media_bg.jpg]
[tangfreelancer.com/ae_official/images/mobile/business/banner.jpg]
[tangfreelancer.com/ae_official/images/pc/business/banner.jpg]
[tangfreelancer.com/ae_official/images/mobile/business/icon_progress.png]
[tangfreelancer.com/ae_official/images/mobile/business/icon_progress_h.png]
[tangfreelancer.com/ae_official/images/mobile/business/icon_api.png]
[tangfreelancer.com/ae_official/images/mobile/business/icon_api_h.png]
[tangfreelancer.com/ae_official/images/mobile/business/icon_partner.png]
[tangfreelancer.com/ae_official/images/mobile/business/icon_partner_h.png]
[tangfreelancer.com/ae_official/images/mobile/business/icon_cooperation.png]
[tangfreelancer.com/ae_official/images/mobile/business/icon_cooperation_h.png]
[tangfreelancer.com/ae_official/images/mobile/business/business_progress_bg.jpg]
[tangfreelancer.com/ae_official/images/pc/business/business_progress_bg.jpg]
[tangfreelancer.com/ae_official/images/mobile/business/icon_bs_progress_arrow_down.png]
[tangfreelancer.com/ae_official/images/mobile/business/icon_bs_progress_01.png]
[tangfreelancer.com/ae_official/images/mobile/business/icon_bs_progress_02.png]
[tangfreelancer.com/ae_official/images/mobile/business/icon_bs_progress_03.png]
[tangfreelancer.com/ae_official/images/mobile/business/icon_bs_progress_04.png]
[tangfreelancer.com/ae_official/images/mobile/business/icon_bs_progress_05.png]
[tangfreelancer.com/ae_official/images/mobile/business/icon_bs_progress_06.png]
[tangfreelancer.com/ae_official/images/pc/business/icon_bs_progress_arrow_forward.png]
[tangfreelancer.com/ae_official/images/mobile/business/business_api_bg.jpg]
[tangfreelancer.com/ae_official/images/pc/business/business_api_bg.jpg]
[tangfreelancer.com/ae_official/images/mobile/business/business_partner_box_bg.jpg]
[tangfreelancer.com/ae_official/images/pc/business/business_partner_box_bg.jpg]
[tangfreelancer.com/ae_official/images/mobile/ae_girl/banner.jpg]
[tangfreelancer.com/ae_official/images/pc/ae_girl/banner.jpg]
[tangfreelancer.com/ae_official/images/pc/ae_girl/ae_girl_bg.jpg]
[tangfreelancer.com/ae_official/images/common/arrow_prev_w.png]
[tangfreelancer.com/ae_official/images/common/arrow_next_w.png]
[tangfreelancer.com/ae_official/images/mobile/ae_girl/slider_intro_bg.jpg]
[tangfreelancer.com/ae_official/images/pc/ae_girl/slider_intro_bg.jpg]
[tangfreelancer.com/ae_official/images/mobile/contact/banner.jpg]
[tangfreelancer.com/ae_official/images/pc/contact/banner.jpg]
[tangfreelancer.com/ae_official/images/mobile/contact/contact_bg.jpg]
[tangfreelancer.com/ae_official/images/pc/contact/contact_bg.jpg]
[tangfreelancer.com/ae_official/css/all.css]
[tangfreelancer.com/ae_official/images/demo_img/homepager_banner_m.jpg]
[tangfreelancer.com/ae_official/images/demo_img/homepager_banner.jpg]
[tangfreelancer.com/ae_official/images/lang_img/cn/slogan/index_slogan_1.png]
[tangfreelancer.com/ae_official/images/lang_img/cn/_page_index/index_sec01_img.png]
[tangfreelancer.com/ae_official/images/lang_img/cn/slogan/index_slogan_2.png]
[tangfreelancer.com/ae_official/images/mobile/index/index_sec02_img.png]
[tangfreelancer.com/ae_official/images/mobile/index/index_sec02_featureIcon_01.png]
[tangfreelancer.com/ae_official/images/mobile/index/index_sec02_featureIcon_02.png]
[tangfreelancer.com/ae_official/images/mobile/index/index_sec02_featureIcon_03.png]
[tangfreelancer.com/ae_official/images/mobile/index/index_sec02_featureIcon_04.png]
[tangfreelancer.com/ae_official/images/demo_img/brand/b01.png]
[tangfreelancer.com/ae_official/images/demo_img/brand/b02.png]
[tangfreelancer.com/ae_official/images/demo_img/brand/b03.png]
[tangfreelancer.com/ae_official/images/demo_img/brand/b04.png]
[tangfreelancer.com/ae_official/images/demo_img/brand/b05.png]
[tangfreelancer.com/ae_official/images/demo_img/brand/b06.png]
[tangfreelancer.com/ae_official/images/demo_img/brand/b07.png]
[tangfreelancer.com/ae_official/images/demo_img/brand/b08.png]
[tangfreelancer.com/ae_official/images/demo_img/brand/b09.png]
[tangfreelancer.com/ae_official/images/demo_img/brand/b010.png]
[tangfreelancer.com/ae_official/index.html]
[tangfreelancer.com/ae_official/images/demo_img/brand/b011.png]
[tangfreelancer.com/ae_official/images/mobile/about/about_sec01_img.png]
[tangfreelancer.com/ae_official/images/lang_img/cn/slogan/about_slogan_1.png]
[tangfreelancer.com/ae_official/images/lang_img/cn/_page_about/about_sec02_img_m.png]
[tangfreelancer.com/ae_official/images/lang_img/cn/_page_about/about_sec02_img.jpg]
[tangfreelancer.com/ae_official/images/mobile/about/gameIntro_01.png]
[tangfreelancer.com/ae_official/images/lang_img/cn/_page_about/gameMenu_live.jpg]
[tangfreelancer.com/ae_official/images/mobile/about/gameIntro_02.png]
[tangfreelancer.com/ae_official/images/lang_img/cn/_page_about/gameMenu_lottery.jpg]
[tangfreelancer.com/ae_official/images/mobile/about/gameIntro_03.png]
[tangfreelancer.com/ae_official/images/lang_img/cn/_page_about/gameMenu_cricket.jpg]
[tangfreelancer.com/ae_official/images/mobile/about/gameIntro_04.png]
[tangfreelancer.com/ae_official/images/lang_img/cn/_page_about/gameMenu_slot.jpg]
[tangfreelancer.com/ae_official/images/mobile/about/gameIntro_05.png]
[tangfreelancer.com/ae_official/images/lang_img/cn/_page_about/gameMenu_sport_game.jpg]
[tangfreelancer.com/ae_official/images/mobile/about/gameIntro_06.png]
[tangfreelancer.com/ae_official/images/demo_img/event_img.jpg]
[tangfreelancer.com/ae_official/about.html]
[tangfreelancer.com/ae_official/images/lang_img/cn/slogan/product_white_lable_slogan_1.png]
[tangfreelancer.com/ae_official/images/mobile/products/white_lable/item_1.png]
[tangfreelancer.com/ae_official/images/pc/products/white_lable/item_1.png]
[tangfreelancer.com/ae_official/images/pc/products/white_lable/item_2.png]
[tangfreelancer.com/ae_official/images/pc/products/white_lable/item_3.png]
[tangfreelancer.com/ae_official/images/mobile/products/white_lable/item_id.jpg]
[tangfreelancer.com/ae_official/images/pc/products/white_lable/item_id.jpg]
[tangfreelancer.com/ae_official/images/mobile/products/white_lable/item_vn.jpg]
[tangfreelancer.com/ae_official/images/pc/products/white_lable/item_vn.jpg]
[tangfreelancer.com/ae_official/images/mobile/products/white_lable/item_th.jpg]
[tangfreelancer.com/ae_official/images/pc/products/white_lable/item_th.jpg]
[tangfreelancer.com/ae_official/images/mobile/products/white_lable/item_cn.jpg]
[tangfreelancer.com/ae_official/product-white-lable.html]
[tangfreelancer.com/ae_official/brand-timeline.html]
[tangfreelancer.com/ae_official/images/lang_img/cn/slogan/slogan_business_progress.png]
[tangfreelancer.com/ae_official/business-progress.html]
[connect.facebook.net/zh_TW/sdk.js]
[tangfreelancer.com/ae_official/images/demo_img/ae_girl.jpg]
[tangfreelancer.com/ae_official/js/vendor/jquery.instagramFeed.min.js]
[tangfreelancer.com/ae_official/js/vendor/lity.min.js]
[tangfreelancer.com/ae_official/ae-girls.html]
[tangfreelancer.com/ae_official/css/fonts/glyphicons-halflings-regular.html]
[tangfreelancer.com/ae_official/css/fonts/glyphicons-halflings-regulard41d.html]
[tangfreelancer.com/ae_official/css/fonts/glyphicons-halflings-regular-2.html]
[tangfreelancer.com/ae_official/css/fonts/glyphicons-halflings-regular-3.html]
[tangfreelancer.com/ae_official/css/fonts/glyphicons-halflings-regular-4.html]
[tangfreelancer.com/ae_official/css/fonts/glyphicons-halflings-regular-5.html]
[tangfreelancer.com/ae_official/images/common/icon_pin_g_md.html]
[tangfreelancer.com/ae_official/images/common/icon_addToCollection_sm.html]
[tangfreelancer.com/ae_official/images/common/icon_addToCar_sm.html]
[tangfreelancer.com/ae_official/images/common/icon_home_g.html]
[tangfreelancer.com/ae_official/images/common/icon_mobile_g.html]
[tangfreelancer.com/ae_official/images/common/icon_pin_g_sm.html]
[tangfreelancer.com/ae_official/images/common/icon_user_w.html]
[tangfreelancer.com/ae_official/images/common/icon_shoppingcart_w.html]
[tangfreelancer.com/ae_official/images/common/icon_shopping_w.html]
[tangfreelancer.com/ae_official/images/common/icon_user_red.html]
[tangfreelancer.com/ae_official/images/common/icon_location_red.html]
[tangfreelancer.com/ae_official/images/common/icon_myorder_red.html]
[tangfreelancer.com/ae_official/images/common/icon_mycollection_red.html]
[tangfreelancer.com/ae_official/images/common/icon_creditcard_red.html]
[tangfreelancer.com/ae_official/images/common/icon_bonus_red.html]
[tangfreelancer.com/ae_official/images/common/icon_coupon_red.html]
[tangfreelancer.com/ae_official/images/common/icon_mycar_red.html]
[tangfreelancer.com/ae_official/images/common/icon_reserve_red.html]
[tangfreelancer.com/ae_official/images/common/icon_triangle_down_w.html]
[tangfreelancer.com/ae_official/images/common/icon_member_center.html]
[tangfreelancer.com/ae_official/images/common/icon_emial.html]
[tangfreelancer.com/ae_official/images/common/icon_fb.html]
[tangfreelancer.com/ae_official/images/common/icon_line.html]
[tangfreelancer.com/ae_official/images/common/icon_arrow_up_w.html]
[tangfreelancer.com/ae_official/images/common/icon_hot_w.html]
[tangfreelancer.com/ae_official/images/common/icon_share_fb.html]
[tangfreelancer.com/ae_official/images/common/icon_share_line.html]
[tangfreelancer.com/ae_official/images/common/icon_register_success.html]
[tangfreelancer.com/ae_official/images/common/icon_loginType_fb.html]
[tangfreelancer.com/ae_official/images/common/icon_loginType_line.html]
[tangfreelancer.com/ae_official/images/common/icon_prev_b.html]
[tangfreelancer.com/ae_official/images/common/icon_next_b.html]
[tangfreelancer.com/ae_official/images/common/logo.svg]
[tangfreelancer.com/ae_official/images/common/social_icon_fb.svg]
[tangfreelancer.com/ae_official/images/common/social_icon_twt.svg]
[tangfreelancer.com/ae_official/images/common/social_icon_tlg.svg]
[tangfreelancer.com/ae_official/images/common/social_icon_ig.svg]
[tangfreelancer.com/ae_official/images/lang_img/cn/product_logo/ae_lottery.svg]
[tangfreelancer.com/ae_official/images/lang_img/cn/product_logo/ae_cricket.svg]
[tangfreelancer.com/ae_official/images/lang_img/cn/product_logo/ae_gaming.svg]
[tangfreelancer.com/ae_official/images/lang_img/cn/product_logo/ae_esports.svg]
[tangfreelancer.com/ae_official/images/common/zoom_in.svg]
[tangfreelancer.com/ae_official/bussiness.html]
[tangfreelancer.com/ae_official/white-label.html]
[tangfreelancer.com/ae_official/ae-sexy.html]
[tangfreelancer.com/ae_official/ae-lottery.html]
[tangfreelancer.com/ae_official/ae-cricket.html]
[tangfreelancer.com/ae_official/ae-gaming.html]
[tangfreelancer.com/ae_official/ae-esports.html]
[tangfreelancer.com/ae_official/product-whhite-lable.html]
[tangfreelancer.com/ae_official/product-ae-casino.html]
[tangfreelancer.com/ae_official/brand-event-list.html]
[tangfreelancer.com/ae_official/brand-social-media.html]
[tangfreelancer.com/ae_official/business-api.html]
[tangfreelancer.com/ae_official/business-cooperation.html]
[connect.facebook.net/zh_TW/sdk.js]
